
Memory Configuration

Name             Origin             Length             Attributes
*default*        0x00000000         0xffffffff

Linker script and memory map


.vects          0x00000000        0x4
 *(.vects)
 .vects         0x00000000        0x4 C:\School\POT\Workspace\Workspace_POT\KZ\Debug\vects.o
                0x00000000                HardwareVectors

.text           0x00000400      0x188
 *(.text)
 .text          0x00000400        0x0 C:\School\POT\Workspace\Workspace_POT\KZ\Debug\vects.o
 .text          0x00000400      0x188 C:\School\POT\Workspace\Workspace_POT\KZ\Debug\main.o
                0x00000400                start
 *(.text.*)
                0x00000588                etext = .

.init
 *(.init)

.fini
 *(.fini)

.got
 *(.got)
 *(.got.plt)

.rodata         0x00000588        0x0
 *(.rodata)
 *(.rodata.*)
                0x00000588                _erodata = .

.eh_frame_hdr
 *(.eh_frame_hdr)

.eh_frame
 *(.eh_frame)

.jcr
 *(.jcr)

.tors           0x00000588        0x0
                0x00000588                __CTOR_LIST__ = .
                0x00000588                ___ctors = .
 *(.ctors)
                0x00000588                ___ctors_end = .
                0x00000588                __CTOR_END__ = .
                0x00000588                __DTOR_LIST__ = .
                0x00000588                ___dtors = .
 *(.dtors)
                0x00000588                ___dtors_end = .
                0x00000588                __DTOR_END__ = .
                0x00000588                _mdata = .

.data           0x00ff4000      0x110
                0x00ff4000                _data = .
 *(.data)
 .data          0x00ff4000        0x0 C:\School\POT\Workspace\Workspace_POT\KZ\Debug\vects.o
 .data          0x00ff4000      0x110 C:\School\POT\Workspace\Workspace_POT\KZ\Debug\main.o
 *(.data.*)
                0x00ff4110                _edata = .

.gcc_exc
 *(.gcc_exc)

.bss            0x00ff4110        0x0
                0x00ff4110                _bss = .
 *(.bss)
 .bss           0x00ff4110        0x0 C:\School\POT\Workspace\Workspace_POT\KZ\Debug\vects.o
 .bss           0x00ff4110        0x0 C:\School\POT\Workspace\Workspace_POT\KZ\Debug\main.o
 *(.bss.*)
 *(COMMON)
                0x00ff4110                _ebss = .
                0x00ff4110                _end = .

.stack          0x00ffc000        0x0
                0x00ffc000                _stack = .
LOAD C:\School\POT\Workspace\Workspace_POT\KZ\Debug\vects.o
LOAD C:\School\POT\Workspace\Workspace_POT\KZ\Debug\main.o
START GROUP
LOAD c:\school\pot\hew\tools\kpit cummins\gnuh8-elf\v11.02\h8300-elf\lib\gcc\h8300-elf\4.5-GNUH8_v11.02\h8300s\libgcc.a
LOAD C:\School\POT\Workspace\Workspace_POT\KZ\Debug\libKZ.a
END GROUP
OUTPUT(C:\School\POT\Workspace\Workspace_POT\KZ\Debug\KZ.x elf32-h8300)

.debug_abbrev   0x00000000       0x78
 .debug_abbrev  0x00000000       0x64 C:\School\POT\Workspace\Workspace_POT\KZ\Debug\vects.o
 .debug_abbrev  0x00000064       0x14 C:\School\POT\Workspace\Workspace_POT\KZ\Debug\main.o

.debug_info     0x00000000       0xf4
 .debug_info    0x00000000       0x62 C:\School\POT\Workspace\Workspace_POT\KZ\Debug\vects.o
 .debug_info    0x00000062       0x92 C:\School\POT\Workspace\Workspace_POT\KZ\Debug\main.o

.debug_line     0x00000000      0x128
 .debug_line    0x00000000       0x58 C:\School\POT\Workspace\Workspace_POT\KZ\Debug\vects.o
 .debug_line    0x00000058       0xd0 C:\School\POT\Workspace\Workspace_POT\KZ\Debug\main.o

.debug_pubnames
                0x00000000       0x26
 .debug_pubnames
                0x00000000       0x26 C:\School\POT\Workspace\Workspace_POT\KZ\Debug\vects.o

.debug_pubtypes
                0x00000000       0x19
 .debug_pubtypes
                0x00000000       0x19 C:\School\POT\Workspace\Workspace_POT\KZ\Debug\vects.o

.debug_str      0x00000000       0x6a
 .debug_str     0x00000000       0x6a C:\School\POT\Workspace\Workspace_POT\KZ\Debug\vects.o

.comment        0x00000000       0x1c
 .comment       0x00000000       0x1c C:\School\POT\Workspace\Workspace_POT\KZ\Debug\vects.o
                                 0x1d (size before relaxing)

.debug_aranges  0x00000000       0x20
 .debug_aranges
                0x00000000       0x20 C:\School\POT\Workspace\Workspace_POT\KZ\Debug\main.o


==============================================================

Listfile generated by KPIT GNUH8 [ELF]-v11.02 on Monday, May 11, 2015, 23:54:38

Build options:

-T "C:\School\POT\Workspace\Workspace_POT\KZ\Debug\KZ_Debug_auto.gsi"
-T "C:\School\POT\Workspace\Workspace_POT\KZ\Debug\KZ_input.tmp" 
-L "c:\school\pot\hew\tools\kpit cummins\gnuh8-elf\v11.02\h8300-elf\lib\gcc\h8300-elf\4.5-GNUH8_v11.02\h8300s"
-L "C:\School\POT\Workspace\Workspace_POT\KZ\Debug"
-Map "C:\School\POT\Workspace\Workspace_POT\KZ\Debug\KZ.map"
-( -l "gcc" -l "KZ" -)
-o "C:\School\POT\Workspace\Workspace_POT\KZ\Debug\KZ.x"
-e _start
INPUT("C:\School\POT\Workspace\Workspace_POT\KZ\Debug\vects.o")
INPUT("C:\School\POT\Workspace\Workspace_POT\KZ\Debug\main.o")
