   1              		.file	"C_Asm.c"
   2              		.h8300s
  10              	.Ltext0:
  11              		.global _aaa
  12              		.section .data
  15              	_aaa:
  16 0000 55505241 		.string	"UPRAVOVANY TEXT"
  16      564F5641 
  16      4E592054 
  16      45585400 
  17              		.comm	_bbb,2,2
  18              		.comm	_ccc,1,1
  19              		.section .text
  20              		.align 1
  21              		.global _main
  22              	_main:
  23              	.LFB0:
  24              	.LM1:
  25 0000 01006DF6 		mov.l	er6,@-er7
  26              	.LCFI0:
  27 0004 0FF6     		mov.l	er7,er6
  28              	.LCFI1:
  29              	.LM2:
  30 0006 79020014 		mov.w	#20,r2
  31 000a 6BA20000 		mov.w	r2,@_bbb:32
  31      0000
  32              	.LM3:
  33 0010 FA58     		mov.b	#88,r2l
  34 0012 6AAA0000 		mov.b	r2l,@_ccc:32
  34      0000
  35              	.LM4:
  36 0018 6A2B0000 		mov.b	@_ccc:32,r3l
  36      0000
  37 001e 6B220000 		mov.w	@_bbb:32,r2
  37      0000
  38 0024 01006DF3 		mov.l	er3,@-er7
  39 0028 01006DF2 		mov.l	er2,@-er7
  40 002c 7A020000 		mov.l	#_aaa,er2
  40      0000
  41 0032 01006DF2 		mov.l	er2,@-er7
  42              	.LCFI2:
  43 0036 5E000000 		jsr	@_proc2
  44 003a 7A170000 		add.l	#12,er7
  44      000C
  45              	.L2:
  46              	.LM5:
  47 0040 4000     		bra	.L2
  48              	.LFE0:
  50              		.align 1
  51              		.global _proc2
  52              	_proc2:
  53              	.LFB1:
  54              	.LM6:
  55 0042 01006DF6 		mov.l	er6,@-er7
  56              	.LCFI3:
  57 0046 0FF6     		mov.l	er7,er6
  58              	.LCFI4:
  59 0048 1B97     		subs	#4,er7
  60              	.LCFI5:
  61              	.LM7:
  62 004a 6F62000E 		mov.w	@(14,er6),r2
  63 004e 17F2     		exts.l	er2
  64 0050 01006F63 		mov.l	@(8,er6),er3
  64      0008
  65 0056 0AB2     		add.l	er3,er2
  66 0058 6E6B0013 		mov.b	@(19,er6),r3l
  67 005c 68AB     		mov.b	r3l,@er2
  68              	.LM8:
  69 005e 79020064 		mov.w	#100,r2
  70 0062 6FE2FFFE 		mov.w	r2,@(-2,er6)
  71              	.LM9:
  72 0066 FA64     		mov.b	#100,r2l
  73 0068 6EEAFFFD 		mov.b	r2l,@(-3,er6)
  74              	.LM10:
  75 006c 0B97     		adds	#4,er7
  76 006e 01006D76 		mov.l	@er7+,er6
  77 0072 5470     		rts
  78              	.LFE1:
 141              	.Letext0:


==============================================================

Listfile generated by KPIT GNUH8 [ELF]-v11.02 on Thursday, February 23, 2012, 14:00:24

Build options:

-c -x c
-ms -ms2600
-I "c:\program files\renesas\hew\tools\kpit cummins\gnuh8-elf\v11.02\h8300-elf\h8300-elf\optlibinc"
-I "c:\program files\renesas\hew\tools\kpit cummins\gnuh8-elf\v11.02\h8300-elf\lib\gcc\h8300-elf\4.5-GNUH8_v11.02\optlibinc"
-D DEBUG
-Wa,-alhdn="D:\MCU\H8S\Asembler H8S\Workspace_POT\C_Asm\Debug\C_Asm.lst"
-nostdinc
"D:\MCU\H8S\Asembler H8S\Workspace_POT\C_Asm\C_Asm.c"
-mno-quickcall
-g
-g2
-o "D:\MCU\H8S\Asembler H8S\Workspace_POT\C_Asm\Debug\C_Asm.o"
