
Memory Configuration

Name             Origin             Length             Attributes
*default*        0x00000000         0xffffffff

Linker script and memory map


.vects          0x00000000        0x4
 *(.vects)
 .vects         0x00000000        0x4 C:\School\POT\Workspace\Workspace_POT\Program_1\Debug\vects.o
                0x00000000                HardwareVectors

.text           0x00000400       0x2e
 *(.text)
 .text          0x00000400        0x0 C:\School\POT\Workspace\Workspace_POT\Program_1\Debug\vects.o
 .text          0x00000400       0x2e C:\School\POT\Workspace\Workspace_POT\Program_1\Debug\main.o
                0x00000400                start
 *(.text.*)
                0x0000042e                etext = .

.init
 *(.init)

.fini
 *(.fini)

.got
 *(.got)
 *(.got.plt)

.rodata         0x0000042e        0x0
 *(.rodata)
 *(.rodata.*)
                0x0000042e                _erodata = .

.eh_frame_hdr
 *(.eh_frame_hdr)

.eh_frame
 *(.eh_frame)

.jcr
 *(.jcr)

.tors           0x0000042e        0x0
                0x0000042e                __CTOR_LIST__ = .
                0x0000042e                ___ctors = .
 *(.ctors)
                0x0000042e                ___ctors_end = .
                0x0000042e                __CTOR_END__ = .
                0x0000042e                __DTOR_LIST__ = .
                0x0000042e                ___dtors = .
 *(.dtors)
                0x0000042e                ___dtors_end = .
                0x0000042e                __DTOR_END__ = .
                0x0000042e                _mdata = .

.data           0x00ff4000       0x6c
                0x00ff4000                _data = .
 *(.data)
 .data          0x00ff4000        0x0 C:\School\POT\Workspace\Workspace_POT\Program_1\Debug\vects.o
 .data          0x00ff4000       0x6c C:\School\POT\Workspace\Workspace_POT\Program_1\Debug\main.o
 *(.data.*)
                0x00ff406c                _edata = .

.gcc_exc
 *(.gcc_exc)

.bss            0x00ff406c        0x0
                0x00ff406c                _bss = .
 *(.bss)
 .bss           0x00ff406c        0x0 C:\School\POT\Workspace\Workspace_POT\Program_1\Debug\vects.o
 .bss           0x00ff406c        0x0 C:\School\POT\Workspace\Workspace_POT\Program_1\Debug\main.o
 *(COMMON)
                0x00ff406c                _ebss = .
                0x00ff406c                _end = .

.stack          0x00ffc000        0x0
                0x00ffc000                _stack = .
LOAD C:\School\POT\Workspace\Workspace_POT\Program_1\Debug\vects.o
LOAD C:\School\POT\Workspace\Workspace_POT\Program_1\Debug\main.o
START GROUP
LOAD c:\school\pot\hew\tools\kpit cummins\gnuh8-elf\v11.02\h8300-elf\lib\gcc\h8300-elf\4.5-GNUH8_v11.02\h8300s\libgcc.a
LOAD c:\school\pot\hew\tools\kpit cummins\gnuh8-elf\v11.02\h8300-elf\h8300-elf\lib\h8300s\liboptc.a
LOAD c:\school\pot\hew\tools\kpit cummins\gnuh8-elf\v11.02\h8300-elf\h8300-elf\lib\h8300s\liboptm.a
END GROUP
OUTPUT(C:\School\POT\Workspace\Workspace_POT\Program_1\Debug\Program_1.x elf32-h8300)

.debug_abbrev   0x00000000       0x78
 .debug_abbrev  0x00000000       0x64 C:\School\POT\Workspace\Workspace_POT\Program_1\Debug\vects.o
 .debug_abbrev  0x00000064       0x14 C:\School\POT\Workspace\Workspace_POT\Program_1\Debug\main.o

.debug_info     0x00000000      0x102
 .debug_info    0x00000000       0x62 C:\School\POT\Workspace\Workspace_POT\Program_1\Debug\vects.o
 .debug_info    0x00000062       0xa0 C:\School\POT\Workspace\Workspace_POT\Program_1\Debug\main.o

.debug_line     0x00000000       0xcf
 .debug_line    0x00000000       0x5f C:\School\POT\Workspace\Workspace_POT\Program_1\Debug\vects.o
 .debug_line    0x0000005f       0x70 C:\School\POT\Workspace\Workspace_POT\Program_1\Debug\main.o

.debug_pubnames
                0x00000000       0x26
 .debug_pubnames
                0x00000000       0x26 C:\School\POT\Workspace\Workspace_POT\Program_1\Debug\vects.o

.debug_pubtypes
                0x00000000       0x19
 .debug_pubtypes
                0x00000000       0x19 C:\School\POT\Workspace\Workspace_POT\Program_1\Debug\vects.o

.debug_str      0x00000000       0x71
 .debug_str     0x00000000       0x71 C:\School\POT\Workspace\Workspace_POT\Program_1\Debug\vects.o

.comment        0x00000000       0x1c
 .comment       0x00000000       0x1c C:\School\POT\Workspace\Workspace_POT\Program_1\Debug\vects.o
                                 0x1d (size before relaxing)

.debug_aranges  0x00000000       0x20
 .debug_aranges
                0x00000000       0x20 C:\School\POT\Workspace\Workspace_POT\Program_1\Debug\main.o


==============================================================

Listfile generated by KPIT GNUH8 [ELF]-v11.02 on Saturday, May 09, 2015, 16:00:43

Build options:

-T "C:\School\POT\Workspace\Workspace_POT\Program_1\Debug\Program_1_Debug_auto.gsi"
-T "C:\School\POT\Workspace\Workspace_POT\Program_1\Debug\Program_1_input.tmp" 
-L "c:\school\pot\hew\tools\kpit cummins\gnuh8-elf\v11.02\h8300-elf\lib\gcc\h8300-elf\4.5-GNUH8_v11.02\h8300s"
-L "c:\school\pot\hew\tools\kpit cummins\gnuh8-elf\v11.02\h8300-elf\h8300-elf\lib\h8300s"
-Map "C:\School\POT\Workspace\Workspace_POT\Program_1\Debug\Program_1.map"
-( -l "gcc" -l "optc" -l "optm" -)
-o "C:\School\POT\Workspace\Workspace_POT\Program_1\Debug\Program_1.x"
-e _start
INPUT("C:\School\POT\Workspace\Workspace_POT\Program_1\Debug\vects.o")
INPUT("C:\School\POT\Workspace\Workspace_POT\Program_1\Debug\main.o")
