
Memory Configuration

Name             Origin             Length             Attributes
*default*        0x00000000         0xffffffff

Linker script and memory map


.vects          0x00000000        0x4
 *(.vects)
 .vects         0x00000000        0x4 D:\MCU\H8S\Asembler H8S\Workspace_POT\Dec_to_bin\Debug\main.o

.text           0x00000400       0x8c
 *(.text)
 .text          0x00000400       0x8c D:\MCU\H8S\Asembler H8S\Workspace_POT\Dec_to_bin\Debug\main.o
                0x00000400                start
 *(.text.*)
                0x0000048c                etext = .

.init
 *(.init)

.fini
 *(.fini)

.got
 *(.got)
 *(.got.plt)

.rodata         0x0000048c        0x0
 *(.rodata)
 *(.rodata.*)
                0x0000048c                _erodata = .

.eh_frame_hdr
 *(.eh_frame_hdr)

.eh_frame
 *(.eh_frame)

.jcr
 *(.jcr)

.tors           0x0000048c        0x0
                0x0000048c                __CTOR_LIST__ = .
                0x0000048c                ___ctors = .
 *(.ctors)
                0x0000048c                ___ctors_end = .
                0x0000048c                __CTOR_END__ = .
                0x0000048c                __DTOR_LIST__ = .
                0x0000048c                ___dtors = .
 *(.dtors)
                0x0000048c                ___dtors_end = .
                0x0000048c                __DTOR_END__ = .
                0x0000048c                _mdata = .

.data           0x00ff4000       0xbc
                0x00ff4000                _data = .
 *(.data)
 .data          0x00ff4000       0xbc D:\MCU\H8S\Asembler H8S\Workspace_POT\Dec_to_bin\Debug\main.o
 *(.data.*)
                0x00ff40bc                _edata = .

.gcc_exc
 *(.gcc_exc)

.bss            0x00ff40bc        0x0
                0x00ff40bc                _bss = .
 *(.bss)
 .bss           0x00ff40bc        0x0 D:\MCU\H8S\Asembler H8S\Workspace_POT\Dec_to_bin\Debug\main.o
 *(.bss.*)
 *(COMMON)
                0x00ff40bc                _ebss = .
                0x00ff40bc                _end = .

.stack          0x00ffc000        0x0
                0x00ffc000                _stack = .
LOAD D:\MCU\H8S\Asembler H8S\Workspace_POT\Dec_to_bin\Debug\main.o
START GROUP
LOAD c:\program files (x86)\renesas\hew\tools\kpit cummins\gnuh8-elf\v11.02\h8300-elf\lib\gcc\h8300-elf\4.5-GNUH8_v11.02\h8300s\libgcc.a
LOAD D:\MCU\H8S\Asembler H8S\Workspace_POT\Dec_to_bin\Debug\libDec_to_bin.a
END GROUP
OUTPUT(D:\MCU\H8S\Asembler H8S\Workspace_POT\Dec_to_bin\Debug\Dec_to_bin.x elf32-h8300)

.debug_line     0x00000000       0x93
 .debug_line    0x00000000       0x93 D:\MCU\H8S\Asembler H8S\Workspace_POT\Dec_to_bin\Debug\main.o

.debug_info     0x00000000       0xa2
 .debug_info    0x00000000       0xa2 D:\MCU\H8S\Asembler H8S\Workspace_POT\Dec_to_bin\Debug\main.o

.debug_abbrev   0x00000000       0x14
 .debug_abbrev  0x00000000       0x14 D:\MCU\H8S\Asembler H8S\Workspace_POT\Dec_to_bin\Debug\main.o

.debug_aranges  0x00000000       0x20
 .debug_aranges
                0x00000000       0x20 D:\MCU\H8S\Asembler H8S\Workspace_POT\Dec_to_bin\Debug\main.o


==============================================================

Listfile generated by KPIT GNUH8 [ELF]-v11.02 on Friday, April 10, 2015, 12:34:11

Build options:

-T "D:\MCU\H8S\Asembler H8S\Workspace_POT\Dec_to_bin\Debug\Dec_to_bin_Debug_auto.gsi"
-T "D:\MCU\H8S\Asembler H8S\Workspace_POT\Dec_to_bin\Debug\Dec_to_bin_input.tmp" 
-L "c:\program files (x86)\renesas\hew\tools\kpit cummins\gnuh8-elf\v11.02\h8300-elf\lib\gcc\h8300-elf\4.5-GNUH8_v11.02\h8300s"
-L "D:\MCU\H8S\Asembler H8S\Workspace_POT\Dec_to_bin\Debug"
-Map "D:\MCU\H8S\Asembler H8S\Workspace_POT\Dec_to_bin\Debug\Dec_to_bin.map"
-( -l "gcc" -l "Dec_to_bin" -)
-o "D:\MCU\H8S\Asembler H8S\Workspace_POT\Dec_to_bin\Debug\Dec_to_bin.x"
-e _start
INPUT("D:\MCU\H8S\Asembler H8S\Workspace_POT\Dec_to_bin\Debug\main.o")
