
Memory Configuration

Name             Origin             Length             Attributes
*default*        0x00000000         0xffffffff

Linker script and memory map


.vects          0x00000000        0x4
 *(.vects)
 .vects         0x00000000        0x4 C:\School\POT\Workspace\Hamet_A14B0254P\Hamet_A14B0254P\Debug\vects.o
                0x00000000                HardwareVectors

.text           0x00000400      0x31a
 *(.text)
 .text          0x00000400        0x0 C:\School\POT\Workspace\Hamet_A14B0254P\Hamet_A14B0254P\Debug\vects.o
 .text          0x00000400      0x31a C:\School\POT\Workspace\Hamet_A14B0254P\Hamet_A14B0254P\Debug\main.o
                0x00000400                start
 *(.text.*)
                0x0000071a                etext = .

.init
 *(.init)

.fini
 *(.fini)

.got
 *(.got)
 *(.got.plt)

.rodata         0x0000071a        0x0
 *(.rodata)
 *(.rodata.*)
                0x0000071a                _erodata = .

.eh_frame_hdr
 *(.eh_frame_hdr)

.eh_frame
 *(.eh_frame)

.jcr
 *(.jcr)

.tors           0x0000071a        0x0
                0x0000071a                __CTOR_LIST__ = .
                0x0000071a                ___ctors = .
 *(.ctors)
                0x0000071a                ___ctors_end = .
                0x0000071a                __CTOR_END__ = .
                0x0000071a                __DTOR_LIST__ = .
                0x0000071a                ___dtors = .
 *(.dtors)
                0x0000071a                ___dtors_end = .
                0x0000071a                __DTOR_END__ = .
                0x0000071a                _mdata = .

.data           0x00ff4000      0x24c
                0x00ff4000                _data = .
 *(.data)
 .data          0x00ff4000        0x0 C:\School\POT\Workspace\Hamet_A14B0254P\Hamet_A14B0254P\Debug\vects.o
 .data          0x00ff4000      0x24c C:\School\POT\Workspace\Hamet_A14B0254P\Hamet_A14B0254P\Debug\main.o
 *(.data.*)
                0x00ff424c                _edata = .

.gcc_exc
 *(.gcc_exc)

.bss            0x00ff424c        0x0
                0x00ff424c                _bss = .
 *(.bss)
 .bss           0x00ff424c        0x0 C:\School\POT\Workspace\Hamet_A14B0254P\Hamet_A14B0254P\Debug\vects.o
 .bss           0x00ff424c        0x0 C:\School\POT\Workspace\Hamet_A14B0254P\Hamet_A14B0254P\Debug\main.o
 *(.bss.*)
 *(COMMON)
                0x00ff424c                _ebss = .
                0x00ff424c                _end = .

.stack          0x00ffc000        0x0
                0x00ffc000                _stack = .
LOAD C:\School\POT\Workspace\Hamet_A14B0254P\Hamet_A14B0254P\Debug\vects.o
LOAD C:\School\POT\Workspace\Hamet_A14B0254P\Hamet_A14B0254P\Debug\main.o
START GROUP
LOAD C:\School\POT\Workspace\Hamet_A14B0254P\Hamet_A14B0254P\Debug\libHamet_A14B0254P.a
LOAD c:\school\pot\hew\tools\kpit cummins\gnuh8-elf\v11.02\h8300-elf\lib\gcc\h8300-elf\4.5-GNUH8_v11.02\h8300s\libgcc.a
END GROUP
OUTPUT(C:\School\POT\Workspace\Hamet_A14B0254P\Hamet_A14B0254P\Debug\Hamet_A14B0254P.x elf32-h8300)

.debug_abbrev   0x00000000       0x78
 .debug_abbrev  0x00000000       0x64 C:\School\POT\Workspace\Hamet_A14B0254P\Hamet_A14B0254P\Debug\vects.o
 .debug_abbrev  0x00000064       0x14 C:\School\POT\Workspace\Hamet_A14B0254P\Hamet_A14B0254P\Debug\main.o

.debug_info     0x00000000      0x112
 .debug_info    0x00000000       0x62 C:\School\POT\Workspace\Hamet_A14B0254P\Hamet_A14B0254P\Debug\vects.o
 .debug_info    0x00000062       0xb0 C:\School\POT\Workspace\Hamet_A14B0254P\Hamet_A14B0254P\Debug\main.o

.debug_line     0x00000000      0x1b4
 .debug_line    0x00000000       0x67 C:\School\POT\Workspace\Hamet_A14B0254P\Hamet_A14B0254P\Debug\vects.o
 .debug_line    0x00000067      0x14d C:\School\POT\Workspace\Hamet_A14B0254P\Hamet_A14B0254P\Debug\main.o

.debug_pubnames
                0x00000000       0x26
 .debug_pubnames
                0x00000000       0x26 C:\School\POT\Workspace\Hamet_A14B0254P\Hamet_A14B0254P\Debug\vects.o

.debug_pubtypes
                0x00000000       0x19
 .debug_pubtypes
                0x00000000       0x19 C:\School\POT\Workspace\Hamet_A14B0254P\Hamet_A14B0254P\Debug\vects.o

.debug_str      0x00000000       0x79
 .debug_str     0x00000000       0x79 C:\School\POT\Workspace\Hamet_A14B0254P\Hamet_A14B0254P\Debug\vects.o

.comment        0x00000000       0x1c
 .comment       0x00000000       0x1c C:\School\POT\Workspace\Hamet_A14B0254P\Hamet_A14B0254P\Debug\vects.o
                                 0x1d (size before relaxing)

.debug_aranges  0x00000000       0x20
 .debug_aranges
                0x00000000       0x20 C:\School\POT\Workspace\Hamet_A14B0254P\Hamet_A14B0254P\Debug\main.o


==============================================================

Listfile generated by KPIT GNUH8 [ELF]-v11.02 on Sunday, July 12, 2015, 17:53:02

Build options:

-T "C:\School\POT\Workspace\Hamet_A14B0254P\Hamet_A14B0254P\Debug\Hamet_A14B0254P_Debug_auto.gsi"
-T "C:\School\POT\Workspace\Hamet_A14B0254P\Hamet_A14B0254P\Debug\Hamet_A14B0254P_input.tmp" 
-L "c:\school\pot\hew\tools\kpit cummins\gnuh8-elf\v11.02\h8300-elf\lib\gcc\h8300-elf\4.5-GNUH8_v11.02\h8300s"
-L "C:\School\POT\Workspace\Hamet_A14B0254P\Hamet_A14B0254P\Debug"
-Map "C:\School\POT\Workspace\Hamet_A14B0254P\Hamet_A14B0254P\Debug\Hamet_A14B0254P.map"
-( -l "Hamet_A14B0254P" -l "gcc" -)
-o "C:\School\POT\Workspace\Hamet_A14B0254P\Hamet_A14B0254P\Debug\Hamet_A14B0254P.x"
-e _start
INPUT("C:\School\POT\Workspace\Hamet_A14B0254P\Hamet_A14B0254P\Debug\vects.o")
INPUT("C:\School\POT\Workspace\Hamet_A14B0254P\Hamet_A14B0254P\Debug\main.o")
